
SQL> create table personne (
  2  idpersonne number primary key,
  3  nom varchar2(25),
  4  datenaissance date check (datenaissance < sysdate) ,
  5  lieunaissance varchar2(50),
  6  biographie varchar2(50)
  7  );
datenaissance date check (datenaissance < sysdate) ,
                                          *
ERROR at line 4:
ORA-02436: date or system variable wrongly specified in CHECK constraint 


SQL> create table personne (
  2  idpersonne number primary key,
  3  nom varchar2(25),
  4  datenaissance date , --can't use check to see if it's < sysdate because check has to be determinist check doesn't allow sysdate(value dynamic changes with each insertion/update)
  5  lieunaissance varchar2(50),
  6  biographie varchar2(50)
  7  );

Table created.

SQL> create table film (
  2  idfilm number primary key,
  3  titre varchar2(25),
  4  annee number,
  5  idrealisateur number references personne(idpersonne)
  6  );

Table created.

SQL> create table rolefilm (
  2  idacteur number references personne(idpersonne),
  3  idfilm number references film(idfilm),
  4  primary key (idacteur,idfilm),
  5  personnage varchar2(15)
  6  );

Table created.

SQL> create table genrefilm (
  2  idfilm number references film(idfilm),
  3  genre varchar2(25)
  4  );

Table created.

SQL> spool off;
